[backblue.gif]
[fade.gif]
[index.html]
[praktica.planetaclix.pt/images/logprakt.gif]
[praktica.planetaclix.pt/images/DDRflag.gif]
[praktica.planetaclix.pt/images/pixel.gif]
[praktica.planetaclix.pt/images/indlogo.gif]
[praktica.planetaclix.pt/index.html]
[praktica.planetaclix.pt/images/B200.jpg]
[praktica.planetaclix.pt/css/ppages.css]
[praktica.planetaclix.pt/index-2.html]
[praktica.planetaclix.pt/bodies.html]
[praktica.planetaclix.pt/images/Pentacon2.gif]
[praktica.planetaclix.pt/images/Meyer.gif]
[praktica.planetaclix.pt/images/ior.gif]
[praktica.planetaclix.pt/images/CarlZeissJena.gif]
[praktica.planetaclix.pt/images/Sigma.gif]
[praktica.planetaclix.pt/images/Sam.jpg]
[praktica.planetaclix.pt/lenses.html]
[praktica.planetaclix.pt/images/Olympus.gif]
[praktica.planetaclix.pt/accessories.html]
[praktica.planetaclix.pt/images/Metz.gif]
[praktica.planetaclix.pt/images/ContaxS.jpg]
[praktica.planetaclix.pt/images/Praktica1.gif]
[praktica.planetaclix.pt/M42.html]
[praktica.planetaclix.pt/images/lenine.jpg]
[praktica.planetaclix.pt/images/unbearable.jpg]
[praktica.planetaclix.pt/images/hummel.jpg]
[praktica.planetaclix.pt/images/pag2.jpg]
[praktica.planetaclix.pt/images/pentaconb.jpg]
[praktica.planetaclix.pt/trivia.html]
[praktica.planetaclix.pt/contacts.html]
[praktica.planetaclix.pt/about.html]
